
================================================================================

Running experiment: config_6d
================================================================================
  → Learner: x_cb
--------------------------------------------------------------------------------
Monte Carlo simulation starting...
  → Repetition 1/30
----Random search starting...
--------> Random search complete.
---- Bayesian search starting...
--------> Bayesian search complete.
********************Tuning complete.********************
  → Repetition 2/30
----Random search starting...
--------> Random search complete.
---- Bayesian search starting...
--------> Bayesian search complete.
********************Tuning complete.********************
  → Repetition 3/30
----Random search starting...
--------> Random search complete.
---- Bayesian search starting...
--------> Bayesian search complete.
********************Tuning complete.********************
  → Repetition 4/30
----Random search starting...
--------> Random search complete.
---- Bayesian search starting...
--------> Bayesian search complete.
********************Tuning complete.********************
  → Repetition 5/30
----Random search starting...
--------> Random search complete.
---- Bayesian search starting...
--------> Bayesian search complete.
********************Tuning complete.********************
  → Repetition 6/30
----Random search starting...
--------> Random search complete.
---- Bayesian search starting...
--------> Bayesian search complete.
********************Tuning complete.********************
  → Repetition 7/30
----Random search starting...
--------> Random search complete.
---- Bayesian search starting...
--------> Bayesian search complete.
********************Tuning complete.********************
  → Repetition 8/30
----Random search starting...
--------> Random search complete.
---- Bayesian search starting...
--------> Bayesian search complete.
********************Tuning complete.********************
  → Repetition 9/30
----Random search starting...
--------> Random search complete.
---- Bayesian search starting...
--------> Bayesian search complete.
********************Tuning complete.********************
  → Repetition 10/30
----Random search starting...
--------> Random search complete.
---- Bayesian search starting...
--------> Bayesian search complete.
********************Tuning complete.********************
  → Repetition 11/30
----Random search starting...
--------> Random search complete.
---- Bayesian search starting...
--------> Bayesian search complete.
********************Tuning complete.********************
  → Repetition 12/30
----Random search starting...
--------> Random search complete.
---- Bayesian search starting...
--------> Bayesian search complete.
********************Tuning complete.********************
  → Repetition 13/30
----Random search starting...
--------> Random search complete.
---- Bayesian search starting...
--------> Bayesian search complete.
********************Tuning complete.********************
  → Repetition 14/30
----Random search starting...
--------> Random search complete.
---- Bayesian search starting...
--------> Bayesian search complete.
********************Tuning complete.********************
  → Repetition 15/30
----Random search starting...
--------> Random search complete.
---- Bayesian search starting...
--------> Bayesian search complete.
********************Tuning complete.********************
  → Repetition 16/30
----Random search starting...
--------> Random search complete.
---- Bayesian search starting...
--------> Bayesian search complete.
********************Tuning complete.********************
  → Repetition 17/30
----Random search starting...
--------> Random search complete.
---- Bayesian search starting...
--------> Bayesian search complete.
********************Tuning complete.********************
  → Repetition 18/30
----Random search starting...
--------> Random search complete.
---- Bayesian search starting...
--------> Bayesian search complete.
********************Tuning complete.********************
  → Repetition 19/30
----Random search starting...
--------> Random search complete.
---- Bayesian search starting...
--------> Bayesian search complete.
********************Tuning complete.********************
  → Repetition 20/30
----Random search starting...
--------> Random search complete.
---- Bayesian search starting...
--------> Bayesian search complete.
********************Tuning complete.********************
  → Repetition 21/30
----Random search starting...
--------> Random search complete.
---- Bayesian search starting...
--------> Bayesian search complete.
********************Tuning complete.********************
  → Repetition 22/30
----Random search starting...
--------> Random search complete.
---- Bayesian search starting...
--------> Bayesian search complete.
********************Tuning complete.********************
  → Repetition 23/30
----Random search starting...
--------> Random search complete.
---- Bayesian search starting...
--------> Bayesian search complete.
********************Tuning complete.********************
  → Repetition 24/30
----Random search starting...
--------> Random search complete.
---- Bayesian search starting...
--------> Bayesian search complete.
********************Tuning complete.********************
  → Repetition 25/30
----Random search starting...
--------> Random search complete.
---- Bayesian search starting...
--------> Bayesian search complete.
********************Tuning complete.********************
  → Repetition 26/30
----Random search starting...
--------> Random search complete.
---- Bayesian search starting...
--------> Bayesian search complete.
********************Tuning complete.********************
  → Repetition 27/30
----Random search starting...
--------> Random search complete.
---- Bayesian search starting...
--------> Bayesian search complete.
********************Tuning complete.********************
  → Repetition 28/30
----Random search starting...
--------> Random search complete.
---- Bayesian search starting...
--------> Bayesian search complete.
********************Tuning complete.********************
  → Repetition 29/30
----Random search starting...
--------> Random search complete.
---- Bayesian search starting...
--------> Bayesian search complete.
********************Tuning complete.********************
  → Repetition 30/30
----Random search starting...
--------> Random search complete.
---- Bayesian search starting...
--------> Bayesian search complete.
********************Tuning complete.********************
Monte Carlo simulation complete.
    Saved raw results (30 rows)
  Saved results of x_cb to results_new_R_30/x_cb/6d
    Saved raw results (60 rows)
  Saved results of x_cb to results_new_R_30/x_cb/6d
Experiment config_6d completed.
